// Vitest Snapshot v1, https://vitest.dev/guide/snapshot.html

exports[`Renders <Article /> without crashing 1`] = `
<article
  class="_p-article_63fc43 _p-article--sm_63fc43 _p-article--no-margin_63fc43 _p-article--secondary_63fc43 _p-article--secondary-sm_63fc43"
>
  children
</article>
`;
