// Jest Snapshot v1, https://goo.gl/fbAQLP

exports[`Renders <Blockquote /> without crashing 1`] = `
<blockquote
  className="o-blockquote"
>
  <div
    className="o-blockquote__quotes"
  />
</blockquote>
`;
