// Jest Snapshot v1, https://goo.gl/fbAQLP

exports[`Renders <MastHeader /> without crashing 1`] = `
<header
  className="p-mast-header"
>
  <div
    className="p-mast-header__inner"
  >
    <h1
      className="p-mast-header__heading"
    >
      <span
        className="p-mast-header__half p-mast-header__half--left"
      >
        <span
          className="p-mast-header__text-wrapper"
        >
          <span
            className="p-mast-header__text"
          >
            Johan
          </span>
        </span>
      </span>
      <span
        className="p-mast-header__line"
      />
      <span
        className="p-mast-header__half p-mast-header__half--right"
      >
        <span
          className="p-mast-header__text-wrapper"
        >
          <span
            className="p-mast-header__text"
          >
            Mouchet
          </span>
        </span>
      </span>
    </h1>
    <h2
      className="p-mast-header__tagline"
    >
      Never stop exploring,
      <br
        className="p-mast-header__tagline-breaker"
        key="1"
      />
       never stop creating
    </h2>
  </div>
</header>
`;
