// Jest Snapshot v1, https://goo.gl/fbAQLP

exports[`Renders <Breadcrumb /> without crashing 1`] = `""`;
