// Jest Snapshot v1, https://goo.gl/fbAQLP

exports[`Renders <Experiences /> without crashing 1`] = `""`;
