// Jest Snapshot v1, https://goo.gl/fbAQLP

exports[`Renders <Loader /> without crashing 1`] = `
<div
  className="o-loader o-loader--sm"
/>
`;
