// Jest Snapshot v1, https://goo.gl/fbAQLP

exports[`Renders <SocialMedia /> without crashing 1`] = `""`;
