// Jest Snapshot v1, https://goo.gl/fbAQLP

exports[`Renders <Anchor /> without crashing 1`] = `""`;
