// Jest Snapshot v1, https://goo.gl/fbAQLP

exports[`Renders <Menu /> without crashing 1`] = `""`;
