// Jest Snapshot v1, https://goo.gl/fbAQLP

exports[`Renders <Range /> without crashing 1`] = `
<input
  className="o-form__range"
  name="name"
  type="range"
/>
`;
