// Jest Snapshot v1, https://goo.gl/fbAQLP

exports[`Renders <FootnotesNotes /> without crashing 1`] = `""`;

exports[`Renders <FootnotesReference /> without crashing 1`] = `
<sup>
  <a
    className="o-footnote-ref"
    href="#footnote:undefined"
    id="footnote-ref:undefined"
  />
</sup>
`;
