// Jest Snapshot v1, https://goo.gl/fbAQLP

exports[`Renders <Table /> without crashing 1`] = `
<table
  className="o-table"
/>
`;
