// Jest Snapshot v1, https://goo.gl/fbAQLP

exports[`Renders <Footer /> without crashing 1`] = `
<footer
  class="p-footer"
>
  <div
    class="container"
  >
    <div
      class="grid grid-y-center grid-no-wrap"
    >
      <div
        class="cell cell-shrink"
      >
        <span
          class="p-footer__version"
        >
          Version
        </span>
      </div>
      <div
        class="cell cell-grow"
      >
        <p
          class="p-footer__copyright"
        >
          2023
           Â© 
          Copyright
           
          <span
            class="p-footer__copyright-separator"
          >
            |
          </span>
          <br />
           Made in
           
          <span
            class="p-footer__cocorico"
            tabindex="0"
          >
            France
          </span>
        </p>
      </div>
      <div
        class="cell cell-shrink"
      >
        <a
          aria-label="Top Button Label"
          class="p-footer__page-top"
          href="#page-top"
        >
          <svg />
        </a>
      </div>
    </div>
  </div>
</footer>
`;
