// Jest Snapshot v1, https://goo.gl/fbAQLP

exports[`Renders <Modal /> without crashing 1`] = `
<button
  class="o-modal__trigger"
  type="button"
>
  Open Modal
</button>
`;
