// Jest Snapshot v1, https://goo.gl/fbAQLP

exports[`Renders <Projects /> without crashing 1`] = `""`;
