// Jest Snapshot v1, https://goo.gl/fbAQLP

exports[`Renders <Card /> without crashing 1`] = `
<section
  className="o-card"
/>
`;
