// Jest Snapshot v1, https://goo.gl/fbAQLP

exports[`Renders <MastFooter /> without crashing 1`] = `
<footer
  className="p-mast-footer"
>
  <div
    className="container"
  >
    <div
      className="grid grid--yCenter-@xs grid--noWrap-@xs"
    >
      <div
        className="cell cell--0-@xs"
      >
        <span
          className="p-mast-footer__version"
        >
          5.0.1
        </span>
      </div>
      <div
        className="cell cell--@xs"
      >
        <p
          className="p-mast-footer__copyright"
        >
          2020
           Â© 
          Johan MOUCHET
           
          <span
            className="p-mast-footer__copyright-separator"
          >
            |
          </span>
          <br />
           Made in
           
          <span
            className="p-mast-footer__cocorico"
            tabIndex="0"
          >
            France
          </span>
        </p>
      </div>
      <div
        className="cell cell--0-@xs"
      >
        <a
          aria-label="Get to the top"
          className="p-mast-footer__page-top"
          href="#page-top"
        >
          <ForwardRef(SvgChevronDown) />
        </a>
      </div>
    </div>
  </div>
</footer>
`;
