// Jest Snapshot v1, https://goo.gl/fbAQLP

exports[`Renders <Button /> without crashing 1`] = `
<a
  class="o-button o-button--sm o-button--primary o-button--block-@sm"
  href="#"
>
  children
</a>
`;
