// Jest Snapshot v1, https://goo.gl/fbAQLP

exports[`Renders <AcademicQualification /> without crashing 1`] = `""`;
