// Jest Snapshot v1, https://goo.gl/fbAQLP

exports[`Renders <Tabs /> without crashing 1`] = `""`;
